Product: ARM Compiler 5.04
Component: ARM Compiler 5.04 update 2 (build 82)
Tool: armlink [5040081]

==============================================================================

Removing Unused input sections from the image.

    Removing __gr_task_gemm.o(.data), (0 bytes).
    Removing __gr_task_gemm.o(.bss), (0 bytes).
    Removing __gr_task_gemm.o(.ARM.extab), (0 bytes).
    Removing __gr_task_gemm.o(.ARM.exidx), (8 bytes).
    Removing task_main.o(.data), (0 bytes).
    Removing task_main.o(.ARM.extab), (0 bytes).
    Removing task_main.o(.ARM.exidx), (88 bytes).
    Removing rpu_thu_uart_drv.o(.ARM.exidx), (8 bytes).
    Removing rpu_thu_timer_drv.o(.ARM.exidx), (8 bytes).
    Removing DW_APB_UART_Base.o(.ARM.exidx), (8 bytes).
    Removing DW_APB_UART_Driver.o(.ARM.exidx), (8 bytes).
    Removing DW_APB_TIMERS_Base.o(.ARM.exidx), (8 bytes).
    Removing DW_APB_TIMERS_Driver.o(.ARM.exidx), (8 bytes).
    Removing DW_APB_TIMERS_Base.o(.constdata__ZTI14CDW_APB_TIMERS), (8 bytes).
    Removing DW_APB_TIMERS_Base.o(.constdata__ZTS14CDW_APB_TIMERS), (17 bytes).

15 unused section(s) (total 169 bytes) removed from the image.

==============================================================================

Memory Map of the image

  Image Entry point : 0x00000000

  Load Region ESRAM (Base: 0x00000000, Size: 0x000050d0, Max: 0xffffffff, ABSOLUTE)

    Execution Region CODE (Base: 0x00000000, Size: 0x000050c0, Max: 0x00018000, ABSOLUTE)

    Base Addr    Size         Type   Attr      Idx    E Section Name        Object

    0x00000000   0x00000088   Code   RO            9  * Vect                vectors.o
    0x00000088   0x00000008   Code   RO           63  * !!!main             c_4.l(__main.o)
    0x00000090   0x0000003c   Code   RO          519    !!!scatter          c_4.l(__scatter.o)
    0x000000cc   0x00000028   Code   RO          521    !!handler_copy      c_4.l(__scatter_copy.o)
    0x000000f4   0x0000002c   Code   RO          523    !!handler_zi        c_4.l(__scatter_zi.o)
    0x00000120   0x00000000   Code   RO          251    .ARM.Collect$$_printf_percent$$00000000  c_4.l(_printf_percent.o)
    0x00000120   0x00000008   Code   RO          240    .ARM.Collect$$_printf_percent$$00000001  c_4.l(_printf_n.o)
    0x00000128   0x00000008   Code   RO          242    .ARM.Collect$$_printf_percent$$00000002  c_4.l(_printf_p.o)
    0x00000130   0x00000008   Code   RO          247    .ARM.Collect$$_printf_percent$$00000003  c_4.l(_printf_f.o)
    0x00000138   0x00000008   Code   RO          248    .ARM.Collect$$_printf_percent$$00000004  c_4.l(_printf_e.o)
    0x00000140   0x00000008   Code   RO          249    .ARM.Collect$$_printf_percent$$00000005  c_4.l(_printf_g.o)
    0x00000148   0x00000008   Code   RO          250    .ARM.Collect$$_printf_percent$$00000006  c_4.l(_printf_a.o)
    0x00000150   0x0000000c   Code   RO          255    .ARM.Collect$$_printf_percent$$00000007  c_4.l(_printf_ll.o)
    0x0000015c   0x00000008   Code   RO          244    .ARM.Collect$$_printf_percent$$00000008  c_4.l(_printf_i.o)
    0x00000164   0x00000008   Code   RO          245    .ARM.Collect$$_printf_percent$$00000009  c_4.l(_printf_d.o)
    0x0000016c   0x00000008   Code   RO          246    .ARM.Collect$$_printf_percent$$0000000A  c_4.l(_printf_u.o)
    0x00000174   0x00000008   Code   RO          243    .ARM.Collect$$_printf_percent$$0000000B  c_4.l(_printf_o.o)
    0x0000017c   0x00000008   Code   RO          241    .ARM.Collect$$_printf_percent$$0000000C  c_4.l(_printf_x.o)
    0x00000184   0x00000008   Code   RO          252    .ARM.Collect$$_printf_percent$$0000000D  c_4.l(_printf_lli.o)
    0x0000018c   0x00000008   Code   RO          253    .ARM.Collect$$_printf_percent$$0000000E  c_4.l(_printf_lld.o)
    0x00000194   0x00000008   Code   RO          254    .ARM.Collect$$_printf_percent$$0000000F  c_4.l(_printf_llu.o)
    0x0000019c   0x00000008   Code   RO          259    .ARM.Collect$$_printf_percent$$00000010  c_4.l(_printf_llo.o)
    0x000001a4   0x00000008   Code   RO          260    .ARM.Collect$$_printf_percent$$00000011  c_4.l(_printf_llx.o)
    0x000001ac   0x0000000c   Code   RO          256    .ARM.Collect$$_printf_percent$$00000012  c_4.l(_printf_l.o)
    0x000001b8   0x00000008   Code   RO          238    .ARM.Collect$$_printf_percent$$00000013  c_4.l(_printf_c.o)
    0x000001c0   0x00000008   Code   RO          239    .ARM.Collect$$_printf_percent$$00000014  c_4.l(_printf_s.o)
    0x000001c8   0x00000008   Code   RO          257    .ARM.Collect$$_printf_percent$$00000015  c_4.l(_printf_lc.o)
    0x000001d0   0x00000008   Code   RO          258    .ARM.Collect$$_printf_percent$$00000016  c_4.l(_printf_ls.o)
    0x000001d8   0x00000008   Code   RO          343    .ARM.Collect$$_printf_percent$$00000017  c_4.l(_printf_percent_end.o)
    0x000001e0   0x00000004   Code   RO          407    .ARM.Collect$$libinit$$00000000  c_4.l(libinit.o)
    0x000001e4   0x00000004   Code   RO          261    .ARM.Collect$$libinit$$00000001  c_4.l(libinit2.o)
    0x000001e8   0x00000000   Code   RO          265    .ARM.Collect$$libinit$$00000008  c_4.l(libinit2.o)
    0x000001e8   0x00000000   Code   RO          267    .ARM.Collect$$libinit$$0000000A  c_4.l(libinit2.o)
    0x000001e8   0x00000000   Code   RO          269    .ARM.Collect$$libinit$$0000000C  c_4.l(libinit2.o)
    0x000001e8   0x00000008   Code   RO          270    .ARM.Collect$$libinit$$0000000D  c_4.l(libinit2.o)
    0x000001f0   0x00000000   Code   RO          272    .ARM.Collect$$libinit$$0000000F  c_4.l(libinit2.o)
    0x000001f0   0x00000014   Code   RO          273    .ARM.Collect$$libinit$$00000010  c_4.l(libinit2.o)
    0x00000204   0x00000000   Code   RO          274    .ARM.Collect$$libinit$$00000011  c_4.l(libinit2.o)
    0x00000204   0x00000000   Code   RO          276    .ARM.Collect$$libinit$$00000013  c_4.l(libinit2.o)
    0x00000204   0x00000010   Code   RO          277    .ARM.Collect$$libinit$$00000014  c_4.l(libinit2.o)
    0x00000214   0x00000000   Code   RO          278    .ARM.Collect$$libinit$$00000015  c_4.l(libinit2.o)
    0x00000214   0x00000000   Code   RO          280    .ARM.Collect$$libinit$$00000017  c_4.l(libinit2.o)
    0x00000214   0x00000000   Code   RO          282    .ARM.Collect$$libinit$$00000019  c_4.l(libinit2.o)
    0x00000214   0x00000000   Code   RO          284    .ARM.Collect$$libinit$$0000001B  c_4.l(libinit2.o)
    0x00000214   0x00000000   Code   RO          286    .ARM.Collect$$libinit$$0000001D  c_4.l(libinit2.o)
    0x00000214   0x00000000   Code   RO          288    .ARM.Collect$$libinit$$0000001F  c_4.l(libinit2.o)
    0x00000214   0x00000000   Code   RO          290    .ARM.Collect$$libinit$$00000021  c_4.l(libinit2.o)
    0x00000214   0x00000000   Code   RO          292    .ARM.Collect$$libinit$$00000023  c_4.l(libinit2.o)
    0x00000214   0x0000000c   Code   RO          294    .ARM.Collect$$libinit$$00000025  c_4.l(libinit2.o)
    0x00000220   0x00000000   Code   RO          298    .ARM.Collect$$libinit$$0000002C  c_4.l(libinit2.o)
    0x00000220   0x00000000   Code   RO          300    .ARM.Collect$$libinit$$0000002E  c_4.l(libinit2.o)
    0x00000220   0x00000004   Code   RO          301    .ARM.Collect$$libinit$$0000002F  c_4.l(libinit2.o)
    0x00000224   0x00000000   Code   RO          302    .ARM.Collect$$libinit$$00000030  c_4.l(libinit2.o)
    0x00000224   0x00000004   Code   RO          303    .ARM.Collect$$libinit$$00000031  c_4.l(libinit2.o)
    0x00000228   0x00000004   Code   RO          477    .ARM.Collect$$libshutdown$$00000000  c_4.l(libshutdown.o)
    0x0000022c   0x00000000   Code   RO          488    .ARM.Collect$$libshutdown$$00000003  c_4.l(libshutdown2.o)
    0x0000022c   0x00000000   Code   RO          491    .ARM.Collect$$libshutdown$$00000006  c_4.l(libshutdown2.o)
    0x0000022c   0x00000000   Code   RO          494    .ARM.Collect$$libshutdown$$00000009  c_4.l(libshutdown2.o)
    0x0000022c   0x00000000   Code   RO          496    .ARM.Collect$$libshutdown$$0000000B  c_4.l(libshutdown2.o)
    0x0000022c   0x00000000   Code   RO          499    .ARM.Collect$$libshutdown$$0000000E  c_4.l(libshutdown2.o)
    0x0000022c   0x00000004   Code   RO          500    .ARM.Collect$$libshutdown$$0000000F  c_4.l(libshutdown2.o)
    0x00000230   0x00000000   Code   RO          171    .ARM.Collect$$rtentry$$00000000  c_4.l(rtentry.o)
    0x00000230   0x00000000   Code   RO          317    .ARM.Collect$$rtentry$$00000002  c_4.l(rtentry2.o)
    0x00000230   0x00000008   Code   RO          329    .ARM.Collect$$rtentry$$00000004  c_4.l(rtentry4.o)
    0x00000238   0x00000000   Code   RO          319    .ARM.Collect$$rtentry$$00000009  c_4.l(rtentry2.o)
    0x00000238   0x00000004   Code   RO          320    .ARM.Collect$$rtentry$$0000000A  c_4.l(rtentry2.o)
    0x0000023c   0x00000000   Code   RO          322    .ARM.Collect$$rtentry$$0000000C  c_4.l(rtentry2.o)
    0x0000023c   0x00000008   Code   RO          323    .ARM.Collect$$rtentry$$0000000D  c_4.l(rtentry2.o)
    0x00000244   0x00000004   Code   RO          418    .ARM.Collect$$rtexit$$00000000  c_4.l(rtexit.o)
    0x00000248   0x00000000   Code   RO          451    .ARM.Collect$$rtexit$$00000002  c_4.l(rtexit2.o)
    0x00000248   0x00000004   Code   RO          452    .ARM.Collect$$rtexit$$00000003  c_4.l(rtexit2.o)
    0x0000024c   0x00000008   Code   RO          453    .ARM.Collect$$rtexit$$00000004  c_4.l(rtexit2.o)
    0x00000254   0x00000010   Code   RO          348    .emb_text           c_4.l(argv_veneer.o)
    0x00000264   0x00000010   Code   RO           12    .text               retarget.o
    0x00000274   0x0000052c   Code   RO           14    .text               __gr_task_gemm.o
    0x000007a0   0x00000ba4   Code   RO           20    .text               task_main.o
    0x00001344   0x00000124   Code   RO           25    .text               libRpuThu.a(rpu_thu_drv.o)
    0x00001468   0x00000184   Code   RO           28    .text               libRpuThu.a(rpu_thu_intc_drv.o)
    0x000015ec   0x00000914   Code   RO           31    .text               libRpuThu.a(gr_thu.o)
    0x00001f00   0x000000f8   Code   RO           33    .text               libRpuThu.a(rpu_thu_uart_drv.o)
    0x00001ff8   0x00000104   Code   RO           37    .text               libRpuThu.a(rpu_thu_timer_drv.o)
    0x000020fc   0x0000014c   Code   RO           43    .text               libRpuThu.a(DW_APB_UART_Base.o)
    0x00002248   0x000003c0   Code   RO           46    .text               libRpuThu.a(DW_APB_UART_Driver.o)
    0x00002608   0x0000016c   Code   RO           49    .text               libRpuThu.a(DW_APB_TIMERS_Base.o)
    0x00002774   0x000002c0   Code   RO           56    .text               libRpuThu.a(DW_APB_TIMERS_Driver.o)
    0x00002a34   0x0000003c   Code   RO           59    .text               c_4.l(c89vsprintf.o)
    0x00002a70   0x00000064   Code   RO           61    .text               c_4.l(strlen.o)
    0x00002ad4   0x00000040   Code   RO           68    .text               c_4.l(init_aeabi.o)
    0x00002b14   0x0000009c   Code   RO          174    .text               c_4.l(_printf_pad.o)
    0x00002bb0   0x00000044   Code   RO          176    .text               c_4.l(_printf_truncate.o)
    0x00002bf4   0x00000090   Code   RO          178    .text               c_4.l(_printf_str.o)
    0x00002c84   0x000000b4   Code   RO          180    .text               c_4.l(_printf_dec.o)
    0x00002d38   0x00000040   Code   RO          182    .text               c_4.l(_printf_charcount.o)
    0x00002d78   0x00000054   Code   RO          184    .text               c_4.l(_printf_char_common.o)
    0x00002dcc   0x00000010   Code   RO          186    .text               c_4.l(_sputc.o)
    0x00002ddc   0x0000013c   Code   RO          188    .text               c_4.l(_printf_wctomb.o)
    0x00002f18   0x000000b4   Code   RO          191    .text               c_4.l(_printf_longlong_dec.o)
    0x00002fcc   0x000000ac   Code   RO          197    .text               c_4.l(_printf_oct_int_ll.o)
    0x00003078   0x000000f0   Code   RO          217    .text               c_4.l(_printf_hex_int_ll_ptr.o)
    0x00003168   0x00000288   Code   RO          235    .text               c_4.l(__printf_flags_ss_wp.o)
    0x000033f0   0x00000098   Code   RO          331    .text               c_4.l(lludiv10.o)
    0x00003488   0x00000128   Code   RO          333    .text               c_4.l(_printf_intcommon.o)
    0x000035b0   0x0000062c   Code   RO          335    .text               c_4.l(_printf_fp_dec.o)
    0x00003bdc   0x0000004c   Code   RO          339    .text               c_4.l(_printf_char.o)
    0x00003c28   0x0000004c   Code   RO          341    .text               c_4.l(_printf_wchar.o)
    0x00003c74   0x0000006c   Code   RO          344    .text               c_4.l(_wcrtomb.o)
    0x00003ce0   0x0000002c   Code   RO          346    .text               c_4.l(rtudiv10.o)
    0x00003d0c   0x00000060   Code   RO          352    .text               c_4.l(sys_stackheap_outer.o)
    0x00003d6c   0x00000014   Code   RO          354    .text               c_4.l(rt_ctype_table.o)
    0x00003d80   0x0000000c   Code   RO          359    .text               c_4.l(rt_fp_status_addr_intlibspace.o)
    0x00003d8c   0x0000000c   Code   RO          364    .text               c_4.l(rt_locale_intlibspace.o)
    0x00003d98   0x000000dc   Code   RO          366    .text               c_4.l(_printf_fp_infnan.o)
    0x00003e74   0x0000012c   Code   RO          368    .text               c_4.l(bigflt0.o)
    0x00003fa0   0x00000010   Code   RO          396    .text               c_4.l(exit.o)
    0x00003fb0   0x000001bc   Code   RO          403    .text               c_4.l(_get_argv_nomalloc.o)
    0x0000416c   0x00000028   Code   RO          413    .text               c_4.l(sys_command.o)
    0x00004194   0x0000000c   Code   RO          415    .text               c_4.l(libspace.o)
    0x000041a0   0x00000008   Code   RO          420    .text               c_4.l(hrguard.o)
    0x000041a8   0x00000010   Code   RO          425    .text               c_4.l(defsig_rtmem_outer.o)
    0x000041b8   0x000000f4   Code   RO          429    .text               c_4.l(strcmp.o)
    0x000042ac   0x0000017c   Code   RO          431    .text               c_4.l(aeabi_sdiv.o)
    0x00004428   0x00000004   Code   RO          447    .text               c_4.l(use_no_semi.o)
    0x0000442c   0x00000000   Code   RO          449    .text               c_4.l(indicate_semi.o)
    0x0000442c   0x0000000c   Code   RO          463    .text               c_4.l(defsig_exit.o)
    0x00004438   0x00000058   Code   RO          465    .text               c_4.l(defsig_rtmem_inner.o)
    0x00004490   0x00000014   Code   RO          467    .text               c_4.l(sys_exit.o)
    0x000044a4   0x00000050   Code   RO          473    .text               c_4.l(defsig_general.o)
    0x000044f4   0x00000018   Code   RO          478    .text               c_4.l(sys_wrch.o)
    0x0000450c   0x00000038   Code   RO          371    CL$$btod_d2e        c_4.l(btod.o)
    0x00004544   0x00000054   Code   RO          373    CL$$btod_d2e_denorm_low  c_4.l(btod.o)
    0x00004598   0x00000068   Code   RO          372    CL$$btod_d2e_norm_op1  c_4.l(btod.o)
    0x00004600   0x00000348   Code   RO          381    CL$$btod_div_common  c_4.l(btod.o)
    0x00004948   0x000000dc   Code   RO          378    CL$$btod_e2e        c_4.l(btod.o)
    0x00004a24   0x00000030   Code   RO          375    CL$$btod_ediv       c_4.l(btod.o)
    0x00004a54   0x00000030   Code   RO          374    CL$$btod_emul       c_4.l(btod.o)
    0x00004a84   0x00000264   Code   RO          380    CL$$btod_mult_common  c_4.l(btod.o)
    0x00004ce8   0x0000008c   Code   RO            4  * Init                init.o
    0x00004d74   0x00000030   Code   RO          411    i.__ARM_fpclassify  m_4s.l(fpclassify.o)
    0x00004da4   0x00000044   Code   RO          394    locale$$code        c_4.l(lc_numeric_c.o)
    0x00004de8   0x00000044   Code   RO          423    locale$$code        c_4.l(lc_ctype_c.o)
    0x00004e2c   0x00000014   Code   RO          350    x$fpl$fpinit        g_4s.l(fpinit.o)
    0x00004e40   0x0000003c   Code   RO          408    x$fpl$ieeestatus    g_4s.l(istatus.o)
    0x00004e7c   0x00000004   Code   RO          314    x$fpl$printf1       g_4s.l(printf1.o)
    0x00004e80   0x00000000   Code   RO          410    x$fpl$usenofp       g_4s.l(usenofp.o)
    0x00004e80   0x00000008   Data   RO          189    .constdata          c_4.l(_printf_wctomb.o)
    0x00004e88   0x00000028   Data   RO          218    .constdata          c_4.l(_printf_hex_int_ll_ptr.o)
    0x00004eb0   0x00000011   Data   RO          236    .constdata          c_4.l(__printf_flags_ss_wp.o)
    0x00004ec1   0x00000003   PAD
    0x00004ec4   0x00000094   Data   RO          369    .constdata          c_4.l(bigflt0.o)
    0x00004f58   0x00000010   Data   RO           53    .constdata__ZTV14CDW_APB_TIMERS  libRpuThu.a(DW_APB_TIMERS_Base.o)
    0x00004f68   0x00000005   Data   RO           19    .rodata.str1.1      __gr_task_gemm.o
    0x00004f6d   0x00000003   PAD
    0x00004f70   0x00000020   Data   RO          517    Region$$Table       anon$$obj.o
    0x00004f90   0x0000001c   Data   RO          393    locale$$data        c_4.l(lc_numeric_c.o)
    0x00004fac   0x00000110   Data   RO          422    locale$$data        c_4.l(lc_ctype_c.o)
    0x000050bc   0x00000004   Data   RO           41    .init_array         libRpuThu.a(rpu_thu_timer_drv.o)
    0x000050c0   0x00000000   Data   RO           66    .init_array         c_4.l(init_aeabi.o)


    Execution Region DATA (Base: 0x00018000, Size: 0x00002908, Max: 0x00007000, ABSOLUTE)

    Base Addr    Size         Type   Attr      Idx    E Section Name        Object

    0x00018000   0x00000008   Data   RW           26    .data               libRpuThu.a(rpu_thu_drv.o)
    0x00018008   0x00000008   Data   RW           40    .data               libRpuThu.a(rpu_thu_timer_drv.o)
    0x00018010   0x00000004   Zero   RW           22    .bss                task_main.o
    0x00018014   0x00000090   Zero   RW           29    .bss                libRpuThu.a(rpu_thu_intc_drv.o)
    0x000180a4   0x000024b0   Zero   RW           35    .bss                libRpuThu.a(rpu_thu_uart_drv.o)
    0x0001a554   0x00000354   Zero   RW           39    .bss                libRpuThu.a(rpu_thu_timer_drv.o)
    0x0001a8a8   0x00000060   Zero   RW          416    .bss                c_4.l(libspace.o)


    Execution Region HEAP (Base: 0x0001f000, Size: 0x00000c00, Max: 0x00000c00, ABSOLUTE, UNINIT)

    Base Addr    Size         Type   Attr      Idx    E Section Name        Object

    0x0001f000   0x00000c00   Zero   RW            1    HEAP.bss            anon$$obj.o


    Execution Region IRQ_STACK (Base: 0x0001fc00, Size: 0x00000200, Max: 0x00000200, ABSOLUTE, UNINIT)

    Base Addr    Size         Type   Attr      Idx    E Section Name        Object

    0x0001fc00   0x00000200   Zero   RW            2    IRQ_STACK.bss       anon$$obj.o


    Execution Region SYS_STACK (Base: 0x0001fe00, Size: 0x00000200, Max: 0x00000200, ABSOLUTE, UNINIT)

    Base Addr    Size         Type   Attr      Idx    E Section Name        Object

    0x0001fe00   0x00000200   Zero   RW            3    SYS_STACK.bss       anon$$obj.o


    Execution Region EXT_MEM_DATA (Base: 0x0f020000, Size: 0x00000000, Max: 0x00010000, OVERLAY)

    **** No section assigned to this execution region ****


==============================================================================

Image component sizes


      Code (inc. data)   RO Data    RW Data    ZI Data      Debug   

      4596        268         40          0       4100        704   Object Totals
         0          0         32          0       4096          0   (incl. Generated)
         0          0          3          0          0          0   (incl. Padding)
     15500        428        536         16      10484       8256   Library Totals
         0          0          3          0          0          0   (incl. Padding)

==============================================================================


      Code (inc. data)   RO Data    RW Data    ZI Data      Debug   

     20096        696        576         16      14584       4744   Grand Totals
     20096        696        576         16      14584       4744   ELF Image Totals
     20096        696        576         16          0          0   ROM Totals

==============================================================================

    Total RO  Size (Code + RO Data)                20672 (  20.19kB)
    Total RW  Size (RW Data + ZI Data)             14600 (  14.26kB)
    Total ROM Size (Code + RO Data + RW Data)      20688 (  20.20kB)

==============================================================================

